// Jest Snapshot v1, https://goo.gl/fbAQLP

exports[`CarService should perform aging 1`] = `
Array [
  "delete result",
  "update result",
]
`;
