// Jest Snapshot v1, https://goo.gl/fbAQLP

exports[`ConfigService should fail to validate wrong config 1`] = `"Config validation error: \\"DATABASE_HOST\\" is required"`;
